src/app/features/trip-planner/trip-planner/trip-planner.component.ts(604,26): error TS2304: Cannot find name 'BusStop'.
